[    8828ms] [WARNING] Mixed Content: The page at 'https://www.google.com/search?q=grok+ai&rlz=1C5OZZY_enUS1232US1233&oq=grok+&gs_lcrp=EgZjaHJvbWUqCggBEAAYsQMYgAQyBggAEEUYOTIKCAEQABixAxiABDINCAIQABiDARixAxiABDIKCAMQABixAxiABDINCAQQABiDARixAxiABDIKCAUQABixAxiABDIKCAYQABixAxiABDIGCAcQBRhA0gEINjIxNGowajeoAgCwAgA&sourceid=chrome&source=chrome.ob&ie=UTF-8&sei=CQi0asO4CZHKp84P5-vDwAk' was loaded over HTTPS, but requested an insecure element 'http://img.youtube.com/vi/PH1EVP5rOKA/hqdefault.jpg'. This request was automatically upgraded to HTTPS, For more information see https://blog.chromium.org/2019/10/no-more-mixed-messages-about-https.html @ https://www.google.com/search?q=grok+ai&rlz=1C5OZZY_enUS1232US1233&oq=grok+&gs_lcrp=EgZjaHJvbWUqCggBEAAYsQMYgAQyBggAEEUYOTIKCAEQABixAxiABDINCAIQABiDARixAxiABDIKCAMQABixAxiABDINCAQQABiDARixAxiABDIKCAUQABixAxiABDIKCAYQABixAxiABDIGCAcQBRhA0gEINjIxNGowajeoAgCwAgA&sourceid=chrome&source=chrome.ob&ie=UTF-8&sei=CQi0asO4CZHKp84P5-vDwAk:0
[    8828ms] [WARNING] Mixed Content: The page at 'https://www.google.com/search?q=grok+ai&rlz=1C5OZZY_enUS1232US1233&oq=grok+&gs_lcrp=EgZjaHJvbWUqCggBEAAYsQMYgAQyBggAEEUYOTIKCAEQABixAxiABDINCAIQABiDARixAxiABDIKCAMQABixAxiABDINCAQQABiDARixAxiABDIKCAUQABixAxiABDIKCAYQABixAxiABDIGCAcQBRhA0gEINjIxNGowajeoAgCwAgA&sourceid=chrome&source=chrome.ob&ie=UTF-8&sei=CQi0asO4CZHKp84P5-vDwAk' was loaded over HTTPS, but requested an insecure element 'http://img.youtube.com/vi/MJllZbpvrAc/hqdefault.jpg'. This request was automatically upgraded to HTTPS, For more information see https://blog.chromium.org/2019/10/no-more-mixed-messages-about-https.html @ https://www.google.com/search?q=grok+ai&rlz=1C5OZZY_enUS1232US1233&oq=grok+&gs_lcrp=EgZjaHJvbWUqCggBEAAYsQMYgAQyBggAEEUYOTIKCAEQABixAxiABDINCAIQABiDARixAxiABDIKCAMQABixAxiABDINCAQQABiDARixAxiABDIKCAUQABixAxiABDIKCAYQABixAxiABDIGCAcQBRhA0gEINjIxNGowajeoAgCwAgA&sourceid=chrome&source=chrome.ob&ie=UTF-8&sei=CQi0asO4CZHKp84P5-vDwAk:0
[    8828ms] [WARNING] Mixed Content: The page at 'https://www.google.com/search?q=grok+ai&rlz=1C5OZZY_enUS1232US1233&oq=grok+&gs_lcrp=EgZjaHJvbWUqCggBEAAYsQMYgAQyBggAEEUYOTIKCAEQABixAxiABDINCAIQABiDARixAxiABDIKCAMQABixAxiABDINCAQQABiDARixAxiABDIKCAUQABixAxiABDIKCAYQABixAxiABDIGCAcQBRhA0gEINjIxNGowajeoAgCwAgA&sourceid=chrome&source=chrome.ob&ie=UTF-8&sei=CQi0asO4CZHKp84P5-vDwAk' was loaded over HTTPS, but requested an insecure element 'http://img.youtube.com/vi/Kqqh1x0Q2-E/hqdefault.jpg'. This request was automatically upgraded to HTTPS, For more information see https://blog.chromium.org/2019/10/no-more-mixed-messages-about-https.html @ https://www.google.com/search?q=grok+ai&rlz=1C5OZZY_enUS1232US1233&oq=grok+&gs_lcrp=EgZjaHJvbWUqCggBEAAYsQMYgAQyBggAEEUYOTIKCAEQABixAxiABDINCAIQABiDARixAxiABDIKCAMQABixAxiABDINCAQQABiDARixAxiABDIKCAUQABixAxiABDIKCAYQABixAxiABDIGCAcQBRhA0gEINjIxNGowajeoAgCwAgA&sourceid=chrome&source=chrome.ob&ie=UTF-8&sei=CQi0asO4CZHKp84P5-vDwAk:0
[   13666ms] [WARNING] Error with Permissions-Policy header: Unrecognized feature: 'pointer-lock'. @ :0
[   14521ms] [INFO] 
█░░░░░░░░░░░░░░░░░░░░░░░░░░░░░░░░░░░░░░░░▓
░                                        ░
░                                        ░
░                                 ░▒░    ░
░                ░░▒▒▒▒▒░░░     ░█░      ░
░            ░▒████████████▓░ ▒██░       ░
░          ░████▓░         ░▓███░        ░
░         ░███▒          ░▓█████░        ░
░         ███░         ░██▒  ▓███░       ░
░        ░███░       ▒█▒      ███░       ░
░         ███░     ▒░░       ▒███░       ░
░         ▒███░             ░███░        ░
░         ░███▓░         ░▒████░         ░
░         ▓█░ ░▒▓████████████░           ░
░       ▒▒░     ░░▒█████▒░░              ░
░     ▒░                                 ░
░                                        ░
░                                        ░
█░░░░░░░░░░░░░░░░░░░░░░░░░░░░░░░░░░░░░░░░▓

Curious? Join us at https://x.ai/careers @ https://cdn.grok.com/_next/static/chunks/0fsq08yugtx1k.js:5
